[29Jun2026 16:05:32.801] [main/INFO] [cpw.mods.modlauncher.Launcher/MODLAUNCHER]: ModLauncher running: args [--launchTarget, neoforgeclientdev, --version, 21.8.31, --assetIndex, 26, --assetsDir, C:\\Users\\Admin\\.mcreator\\gradle\\caches\\neoformruntime\\assets, --fml.fmlVersion, 9.0.16, --fml.mcVersion, 1.21.8, --fml.neoForgeVersion, 21.8.31, --fml.neoFormVersion, 20250717.133445]
[29Jun2026 16:05:32.806] [main/INFO] [cpw.mods.modlauncher.Launcher/MODLAUNCHER]: JVM identified as JetBrains s.r.o. OpenJDK 64-Bit Server VM 21.0.10+1-b1163.105
[29Jun2026 16:05:32.808] [main/INFO] [cpw.mods.modlauncher.Launcher/MODLAUNCHER]: ModLauncher 9.0 starting: java version 21.0.10 by JetBrains s.r.o.; OS Windows 10 arch amd64 version 10.0
[29Jun2026 16:05:33.028] [main/INFO] [net.neoforged.fml.loading.ImmediateWindowHandler/]: Loading ImmediateWindowProvider fmlearlywindow
[29Jun2026 16:05:33.526] [main/INFO] [mixin/]: SpongePowered MIXIN Subsystem Version=0.8.7 Source=union:/C:/Users/Admin/.mcreator/gradle/caches/modules-2/files-2.1/net.fabricmc/sponge-mixin/0.15.2+mixin.0.8.7/2af2f021d8e02a0220dc27a7a72b4666d66d44ca/sponge-mixin-0.15.2+mixin.0.8.7.jar%23157!/ Service=ModLauncher Env=CLIENT
[29Jun2026 16:05:33.710] [fml-loadingscreen/INFO] [net.neoforged.fml.earlydisplay.render.LoadingScreenRenderer/]: GL info: Intel(R) HD Graphics 2500 GL version 3.2.0 - Build 10.18.10.5161, Intel
[29Jun2026 16:05:34.651] [main/INFO] [net.neoforged.fml.loading.moddiscovery.locators.JarInJarDependencyLocator/]: Found 2 dependencies adding them to mods collection
[29Jun2026 16:05:34.653] [main/INFO] [net.neoforged.fml.loading.moddiscovery.ModDiscoverer/]: 
     Mod List:
		Name Version (Mod Id)

		Minecraft 1.21.8 (minecraft)
		MoreAndMoreEndRods 2.0.0 (moreandmoreendrods)
		NeoForge 21.8.31 (neoforge)
[29Jun2026 16:05:39.431] [main/INFO] [cpw.mods.modlauncher.LaunchServiceHandler/MODLAUNCHER]: Launching target 'neoforgeclientdev' with arguments [--version, 21.8.31, --assetsDir, C:\Users\Admin\.mcreator\gradle\caches\neoformruntime\assets, --assetIndex, 26]
[29Jun2026 16:05:43.236] [pool-6-thread-1/INFO] [MixinExtras|Service/]: Initializing MixinExtras via com.llamalad7.mixinextras.service.MixinExtrasServiceImpl(version=0.5.0).
[29Jun2026 16:05:43.882] [Datafixer Bootstrap/INFO] [com.mojang.datafixers.DataFixerBuilder/]: 272 Datafixer optimizations took 1790 milliseconds
[29Jun2026 16:05:53.035] [main/WARN] [net.minecraft.commands.Commands/]: Ambiguity between arguments [teleport, location] and [teleport, destination] with inputs: [0.1 -0.5 .9, 0 0 0]
[29Jun2026 16:05:53.037] [main/WARN] [net.minecraft.commands.Commands/]: Ambiguity between arguments [teleport, location] and [teleport, targets] with inputs: [0.1 -0.5 .9, 0 0 0]
[29Jun2026 16:05:53.051] [main/WARN] [net.minecraft.commands.Commands/]: Ambiguity between arguments [teleport, destination] and [teleport, targets] with inputs: [Player, 0123, @e, dd12be42-52a9-4a91-a8a1-11c01849e498]
[29Jun2026 16:05:53.053] [main/WARN] [net.minecraft.commands.Commands/]: Ambiguity between arguments [teleport, targets] and [teleport, destination] with inputs: [Player, 0123, dd12be42-52a9-4a91-a8a1-11c01849e498]
[29Jun2026 16:05:53.059] [main/WARN] [net.minecraft.commands.Commands/]: Ambiguity between arguments [teleport, targets, location] and [teleport, targets, destination] with inputs: [0.1 -0.5 .9, 0 0 0]
[29Jun2026 16:05:53.066] [main/WARN] [net.minecraft.commands.Commands/]: Ambiguity between arguments [waypoint, modify, waypoint, color, reset] and [waypoint, modify, waypoint, color, color] with inputs: [reset]
[29Jun2026 16:05:53.221] [modloading-worker-0/INFO] [net.neoforged.neoforge.common.NeoForgeMod/NEOFORGE-MOD]: NeoForge mod loading, version 21.8.31, for MC 1.21.8
[29Jun2026 16:05:54.403] [Render thread/WARN] [net.minecraft.server.packs.VanillaPackResourcesBuilder/]: Assets URL 'union:/D:/Project/more-and-more-end-rods/build/moddev/artifacts/neoforge-21.8.31.jar%23212!/assets/.mcassetsroot' uses unexpected schema
[29Jun2026 16:05:54.404] [Render thread/WARN] [net.minecraft.server.packs.VanillaPackResourcesBuilder/]: Assets URL 'union:/D:/Project/more-and-more-end-rods/build/moddev/artifacts/neoforge-21.8.31.jar%23212!/data/.mcassetsroot' uses unexpected schema
[29Jun2026 16:05:54.450] [Render thread/INFO] [com.mojang.authlib.yggdrasil.YggdrasilAuthenticationService/]: Environment: Environment[sessionHost=https://sessionserver.mojang.com, servicesHost=https://api.minecraftservices.com, name=PROD]
[29Jun2026 16:05:54.466] [Render thread/INFO] [net.minecraft.client.Minecraft/]: Setting user: Dev
[29Jun2026 16:05:54.775] [Render thread/INFO] [net.minecraft.client.Minecraft/]: Backend library: LWJGL version 3.3.3+5
[29Jun2026 16:05:55.218] [Render thread/INFO] [net.minecraft.client.Minecraft/]: Using optional rendering extensions: GL_ARB_buffer_storage, GL_KHR_debug, GL_ARB_vertex_attrib_binding
[29Jun2026 16:05:56.601] [Render thread/INFO] [net.minecraft.server.packs.resources.ReloadableResourceManager/]: Reloading ResourceManager: vanilla, mod_resources, mod/neoforge, mod/moreandmoreendrods
[29Jun2026 16:05:57.327] [resourceLoad/INFO] [net.minecraft.client.gui.font.providers.UnihexProvider/]: Found unifont_all_no_pua-16.0.03.hex, loading
[29Jun2026 16:05:57.332] [resourceLoad/INFO] [net.minecraft.client.gui.font.providers.UnihexProvider/]: Found unifont_pua-16.0.03.hex, loading
[29Jun2026 16:05:57.982] [resourceLoad/INFO] [net.minecraft.client.gui.font.providers.UnihexProvider/]: Found unifont_jp_patch-16.0.03.hex, loading
[29Jun2026 16:06:01.012] [Render thread/INFO] [com.mojang.blaze3d.audio.Library/]: OpenAL initialized on device OpenAL Soft on Speakers / Headphones (2- Realtek Audio)
[29Jun2026 16:06:01.014] [Render thread/INFO] [net.minecraft.client.sounds.SoundEngine/SOUNDS]: Sound engine started
[29Jun2026 16:06:01.162] [Render thread/INFO] [net.minecraft.client.renderer.texture.TextureAtlas/]: Created: 1024x512x2 minecraft:textures/atlas/blocks.png-atlas
[29Jun2026 16:06:01.199] [Render thread/INFO] [net.minecraft.client.renderer.texture.TextureAtlas/]: Created: 256x256x2 minecraft:textures/atlas/signs.png-atlas
[29Jun2026 16:06:01.201] [Render thread/INFO] [net.minecraft.client.renderer.texture.TextureAtlas/]: Created: 512x512x2 minecraft:textures/atlas/shield_patterns.png-atlas
[29Jun2026 16:06:01.204] [Render thread/INFO] [net.minecraft.client.renderer.texture.TextureAtlas/]: Created: 512x512x2 minecraft:textures/atlas/banner_patterns.png-atlas
[29Jun2026 16:06:01.206] [Render thread/INFO] [net.minecraft.client.renderer.texture.TextureAtlas/]: Created: 2048x1024x2 minecraft:textures/atlas/armor_trims.png-atlas
[29Jun2026 16:06:01.222] [Render thread/INFO] [net.minecraft.client.renderer.texture.TextureAtlas/]: Created: 128x64x2 minecraft:textures/atlas/decorated_pot.png-atlas
[29Jun2026 16:06:01.223] [Render thread/INFO] [net.minecraft.client.renderer.texture.TextureAtlas/]: Created: 256x256x2 minecraft:textures/atlas/chest.png-atlas
[29Jun2026 16:06:01.224] [Render thread/INFO] [net.minecraft.client.renderer.texture.TextureAtlas/]: Created: 512x256x2 minecraft:textures/atlas/shulker_boxes.png-atlas
[29Jun2026 16:06:01.225] [Render thread/INFO] [net.minecraft.client.renderer.texture.TextureAtlas/]: Created: 512x256x2 minecraft:textures/atlas/beds.png-atlas
[29Jun2026 16:06:01.228] [Render thread/INFO] [net.minecraft.client.renderer.texture.TextureAtlas/]: Created: 64x64x0 minecraft:textures/atlas/map_decorations.png-atlas
[29Jun2026 16:06:01.478] [Render thread/INFO] [net.minecraft.client.renderer.texture.TextureAtlas/]: Created: 512x256x0 minecraft:textures/atlas/particles.png-atlas
[29Jun2026 16:06:01.483] [Render thread/INFO] [net.minecraft.client.renderer.texture.TextureAtlas/]: Created: 512x256x0 minecraft:textures/atlas/paintings.png-atlas
[29Jun2026 16:06:01.486] [Render thread/INFO] [net.minecraft.client.renderer.texture.TextureAtlas/]: Created: 1024x512x0 minecraft:textures/atlas/gui.png-atlas
[29Jun2026 16:06:01.497] [Render thread/INFO] [net.neoforged.neoforge.client.entity.animation.json.AnimationLoader/]: Loaded 0 entity animations
[29Jun2026 16:06:21.562] [Render thread/INFO] [net.minecraft.client.renderer.DynamicUniformStorage/]: Resizing Dynamic Transforms UBO, capacity limit of 2 reached during a single frame. New capacity will be 4.
[29Jun2026 16:06:24.337] [Render thread/INFO] [net.minecraft.world.item.crafting.RecipeManager/]: Loaded 1448 recipes
[29Jun2026 16:06:24.374] [Render thread/INFO] [net.minecraft.advancements.AdvancementTree/]: Loaded 1548 advancements
[29Jun2026 16:06:24.378] [Render thread/INFO] [net.neoforged.neoforge.common.crafting.RecipePriorityManager/]: Loaded 0 recipe priority overrides
[29Jun2026 16:06:24.699] [Server thread/INFO] [net.minecraft.client.server.IntegratedServer/]: Starting integrated minecraft server version 1.21.8
[29Jun2026 16:06:24.700] [Server thread/INFO] [net.minecraft.server.MinecraftServer/]: Generating keypair
[29Jun2026 16:06:25.316] [Server thread/INFO] [net.minecraft.server.MinecraftServer/]: Preparing start region for dimension minecraft:overworld
[29Jun2026 16:06:25.684] [progressListener/INFO] [net.minecraft.server.level.progress.LoggerChunkProgressListener/]: Preparing spawn area: 0%
[29Jun2026 16:06:25.713] [Server thread/INFO] [net.neoforged.neoforge.server.permission.PermissionAPI/]: Successfully initialized permission handler neoforge:default_handler
[29Jun2026 16:06:25.758] [progressListener/INFO] [net.minecraft.server.level.progress.LoggerChunkProgressListener/]: Time elapsed: 420 ms
[29Jun2026 16:06:25.803] [Server thread/INFO] [net.minecraft.client.server.IntegratedServer/]: Changing view distance to 5, from 10
[29Jun2026 16:06:25.804] [Server thread/INFO] [net.minecraft.client.server.IntegratedServer/]: Changing simulation distance to 12, from 0
[29Jun2026 16:06:27.408] [Server thread/INFO] [net.minecraft.server.players.PlayerList/]: Dev[local:E:a4f83edb] logged in with entity id 1 at (1.7269833952005584, 56.0, -2.4555538321974786)
[29Jun2026 16:06:27.510] [Server thread/INFO] [net.minecraft.server.MinecraftServer/]: Dev joined the game
[29Jun2026 16:06:28.430] [Render thread/INFO] [net.minecraft.advancements.AdvancementTree/]: Loaded 16 advancements
[29Jun2026 16:06:28.887] [Render thread/INFO] [net.minecraft.client.renderer.DynamicUniformStorage/]: Resizing Dynamic Transforms UBO, capacity limit of 4 reached during a single frame. New capacity will be 8.
[29Jun2026 16:06:29.102] [Render thread/INFO] [net.minecraft.client.renderer.DynamicUniformStorage/]: Resizing Dynamic Transforms UBO, capacity limit of 8 reached during a single frame. New capacity will be 16.
[29Jun2026 16:06:29.277] [Render thread/INFO] [net.minecraft.client.renderer.DynamicUniformStorage/]: Resizing Dynamic Transforms UBO, capacity limit of 16 reached during a single frame. New capacity will be 32.
[29Jun2026 16:06:29.442] [Render thread/INFO] [net.minecraft.client.renderer.DynamicUniformStorage/]: Resizing Dynamic Transforms UBO, capacity limit of 32 reached during a single frame. New capacity will be 64.
[29Jun2026 16:06:40.117] [Server thread/INFO] [net.minecraft.client.server.IntegratedServer/]: Saving and pausing game...
[29Jun2026 16:06:40.146] [Server thread/INFO] [net.minecraft.server.MinecraftServer/]: Saving chunks for level 'ServerLevel[New World]'/minecraft:overworld
[29Jun2026 16:06:40.159] [Server thread/INFO] [net.minecraft.server.MinecraftServer/]: Saving chunks for level 'ServerLevel[New World]'/minecraft:the_nether
[29Jun2026 16:06:40.160] [Server thread/INFO] [net.minecraft.server.MinecraftServer/]: Saving chunks for level 'ServerLevel[New World]'/minecraft:the_end
[29Jun2026 16:07:35.534] [Render thread/INFO] [net.minecraft.client.renderer.DynamicUniformStorage/]: Resizing Dynamic Transforms UBO, capacity limit of 64 reached during a single frame. New capacity will be 128.
[29Jun2026 16:07:42.116] [Server thread/INFO] [net.minecraft.client.server.IntegratedServer/]: Saving and pausing game...
[29Jun2026 16:07:42.131] [Server thread/INFO] [net.minecraft.server.MinecraftServer/]: Saving chunks for level 'ServerLevel[New World]'/minecraft:overworld
[29Jun2026 16:07:42.136] [Server thread/INFO] [net.minecraft.server.MinecraftServer/]: Saving chunks for level 'ServerLevel[New World]'/minecraft:the_nether
[29Jun2026 16:07:42.137] [Server thread/INFO] [net.minecraft.server.MinecraftServer/]: Saving chunks for level 'ServerLevel[New World]'/minecraft:the_end
[29Jun2026 16:09:13.523] [Render thread/INFO] [net.minecraft.advancements.AdvancementTree/]: Loaded 17 advancements
[29Jun2026 16:10:47.067] [Server thread/INFO] [net.minecraft.client.server.IntegratedServer/]: Saving and pausing game...
[29Jun2026 16:10:47.088] [Server thread/INFO] [net.minecraft.server.MinecraftServer/]: Saving chunks for level 'ServerLevel[New World]'/minecraft:overworld
[29Jun2026 16:10:47.092] [Server thread/INFO] [net.minecraft.server.MinecraftServer/]: Saving chunks for level 'ServerLevel[New World]'/minecraft:the_nether
[29Jun2026 16:10:47.093] [Server thread/INFO] [net.minecraft.server.MinecraftServer/]: Saving chunks for level 'ServerLevel[New World]'/minecraft:the_end
[29Jun2026 16:12:07.368] [Server thread/INFO] [net.minecraft.client.server.IntegratedServer/]: Saving and pausing game...
[29Jun2026 16:12:07.384] [Server thread/INFO] [net.minecraft.server.MinecraftServer/]: Saving chunks for level 'ServerLevel[New World]'/minecraft:overworld
[29Jun2026 16:12:07.389] [Server thread/INFO] [net.minecraft.server.MinecraftServer/]: Saving chunks for level 'ServerLevel[New World]'/minecraft:the_nether
[29Jun2026 16:12:07.390] [Server thread/INFO] [net.minecraft.server.MinecraftServer/]: Saving chunks for level 'ServerLevel[New World]'/minecraft:the_end
[29Jun2026 16:12:38.519] [Server thread/INFO] [net.minecraft.client.server.IntegratedServer/]: Saving and pausing game...
[29Jun2026 16:12:38.534] [Server thread/INFO] [net.minecraft.server.MinecraftServer/]: Saving chunks for level 'ServerLevel[New World]'/minecraft:overworld
[29Jun2026 16:12:38.537] [Server thread/INFO] [net.minecraft.server.MinecraftServer/]: Saving chunks for level 'ServerLevel[New World]'/minecraft:the_nether
[29Jun2026 16:12:38.538] [Server thread/INFO] [net.minecraft.server.MinecraftServer/]: Saving chunks for level 'ServerLevel[New World]'/minecraft:the_end
[29Jun2026 16:12:39.569] [Server thread/INFO] [net.minecraft.server.network.ServerGamePacketListenerImpl/]: Dev lost connection: Disconnected
[29Jun2026 16:12:39.570] [Server thread/INFO] [net.minecraft.server.MinecraftServer/]: Dev left the game
[29Jun2026 16:12:39.594] [Server thread/INFO] [net.minecraft.server.network.ServerCommonPacketListenerImpl/]: Stopping singleplayer server as player logged out
[29Jun2026 16:12:39.642] [Server thread/INFO] [net.minecraft.server.MinecraftServer/]: Stopping server
[29Jun2026 16:12:39.643] [Server thread/INFO] [net.minecraft.server.MinecraftServer/]: Saving players
[29Jun2026 16:12:39.643] [Server thread/INFO] [net.minecraft.server.MinecraftServer/]: Saving worlds
[29Jun2026 16:12:40.452] [Server thread/INFO] [net.minecraft.server.MinecraftServer/]: Saving chunks for level 'ServerLevel[New World]'/minecraft:overworld
[29Jun2026 16:12:40.470] [Server thread/INFO] [net.minecraft.server.MinecraftServer/]: Saving chunks for level 'ServerLevel[New World]'/minecraft:the_nether
[29Jun2026 16:12:40.475] [Server thread/INFO] [net.minecraft.server.MinecraftServer/]: Saving chunks for level 'ServerLevel[New World]'/minecraft:the_end
[29Jun2026 16:12:40.490] [Server thread/INFO] [net.minecraft.server.MinecraftServer/]: ThreadedAnvilChunkStorage (New World): All chunks are saved
[29Jun2026 16:12:40.490] [Server thread/INFO] [net.minecraft.server.MinecraftServer/]: ThreadedAnvilChunkStorage (DIM-1): All chunks are saved
[29Jun2026 16:12:40.491] [Server thread/INFO] [net.minecraft.server.MinecraftServer/]: ThreadedAnvilChunkStorage (DIM1): All chunks are saved
[29Jun2026 16:12:40.491] [Server thread/INFO] [net.minecraft.server.MinecraftServer/]: ThreadedAnvilChunkStorage: All dimensions are saved
[29Jun2026 16:12:42.931] [Render thread/INFO] [net.minecraft.world.level.storage.LevelStorageSource/]: Deleting level New World
[29Jun2026 16:12:42.931] [Render thread/INFO] [net.minecraft.world.level.storage.LevelStorageSource/]: Attempt 1...
[29Jun2026 16:12:42.999] [Render thread/WARN] [net.minecraft.server.MinecraftServer/]: Missing data pack tests
[29Jun2026 16:12:44.663] [Render thread/INFO] [net.minecraft.world.item.crafting.RecipeManager/]: Loaded 1448 recipes
[29Jun2026 16:12:44.690] [Render thread/INFO] [net.minecraft.advancements.AdvancementTree/]: Loaded 1548 advancements
[29Jun2026 16:12:44.705] [Render thread/INFO] [net.neoforged.neoforge.common.crafting.RecipePriorityManager/]: Loaded 0 recipe priority overrides
[29Jun2026 16:12:46.351] [Render thread/INFO] [net.minecraft.client.Minecraft/]: Stopping!
[29Jun2026 16:12:46.431] [Render thread/INFO] [com.mojang.blaze3d.opengl.GlDebug/]: OpenGL debug message: id=1281, source=API, type=ERROR, severity=HIGH, message='GL error GL_INVALID_VALUE'
[29Jun2026 16:12:46.432] [Render thread/INFO] [com.mojang.blaze3d.opengl.GlDebug/]: OpenGL debug message: id=1281, source=API, type=ERROR, severity=HIGH, message='GL error GL_INVALID_VALUE'
[29Jun2026 16:12:46.432] [Render thread/INFO] [com.mojang.blaze3d.opengl.GlDebug/]: OpenGL debug message: id=1281, source=API, type=ERROR, severity=HIGH, message='GL error GL_INVALID_VALUE'
[29Jun2026 16:12:46.433] [Render thread/INFO] [com.mojang.blaze3d.opengl.GlDebug/]: OpenGL debug message: id=1281, source=API, type=ERROR, severity=HIGH, message='GL error GL_INVALID_VALUE'
[29Jun2026 16:12:46.433] [Render thread/INFO] [com.mojang.blaze3d.opengl.GlDebug/]: OpenGL debug message: id=1281, source=API, type=ERROR, severity=HIGH, message='GL error GL_INVALID_VALUE'
[29Jun2026 16:12:46.433] [Render thread/INFO] [com.mojang.blaze3d.opengl.GlDebug/]: OpenGL debug message: id=1281, source=API, type=ERROR, severity=HIGH, message='GL error GL_INVALID_VALUE'
[29Jun2026 16:12:46.434] [Render thread/INFO] [com.mojang.blaze3d.opengl.GlDebug/]: OpenGL debug message: id=1281, source=API, type=ERROR, severity=HIGH, message='GL error GL_INVALID_VALUE'
[29Jun2026 16:12:46.434] [Render thread/INFO] [com.mojang.blaze3d.opengl.GlDebug/]: OpenGL debug message: id=1281, source=API, type=ERROR, severity=HIGH, message='GL error GL_INVALID_VALUE'
[29Jun2026 16:12:46.434] [Render thread/INFO] [com.mojang.blaze3d.opengl.GlDebug/]: OpenGL debug message: id=1281, source=API, type=ERROR, severity=HIGH, message='GL error GL_INVALID_VALUE'
[29Jun2026 16:12:46.435] [Render thread/INFO] [com.mojang.blaze3d.opengl.GlDebug/]: OpenGL debug message: id=1281, source=API, type=ERROR, severity=HIGH, message='GL error GL_INVALID_VALUE'
[29Jun2026 16:12:46.435] [Render thread/INFO] [com.mojang.blaze3d.opengl.GlDebug/]: OpenGL debug message: id=1281, source=API, type=ERROR, severity=HIGH, message='GL error GL_INVALID_VALUE'
[29Jun2026 16:12:46.435] [Render thread/INFO] [com.mojang.blaze3d.opengl.GlDebug/]: OpenGL debug message: id=1281, source=API, type=ERROR, severity=HIGH, message='GL error GL_INVALID_VALUE'
[29Jun2026 16:12:46.435] [Render thread/INFO] [com.mojang.blaze3d.opengl.GlDebug/]: OpenGL debug message: id=1281, source=API, type=ERROR, severity=HIGH, message='GL error GL_INVALID_VALUE'
[29Jun2026 16:12:46.435] [Render thread/INFO] [com.mojang.blaze3d.opengl.GlDebug/]: OpenGL debug message: id=1281, source=API, type=ERROR, severity=HIGH, message='GL error GL_INVALID_VALUE'
[29Jun2026 16:12:46.435] [Render thread/INFO] [com.mojang.blaze3d.opengl.GlDebug/]: OpenGL debug message: id=1281, source=API, type=ERROR, severity=HIGH, message='GL error GL_INVALID_VALUE'
[29Jun2026 16:12:46.436] [Render thread/INFO] [com.mojang.blaze3d.opengl.GlDebug/]: OpenGL debug message: id=1281, source=API, type=ERROR, severity=HIGH, message='GL error GL_INVALID_VALUE'
[29Jun2026 16:12:46.436] [Render thread/INFO] [com.mojang.blaze3d.opengl.GlDebug/]: OpenGL debug message: id=1281, source=API, type=ERROR, severity=HIGH, message='GL error GL_INVALID_VALUE'
[29Jun2026 16:12:46.436] [Render thread/INFO] [com.mojang.blaze3d.opengl.GlDebug/]: OpenGL debug message: id=1281, source=API, type=ERROR, severity=HIGH, message='GL error GL_INVALID_VALUE'
[29Jun2026 16:12:46.436] [Render thread/INFO] [com.mojang.blaze3d.opengl.GlDebug/]: OpenGL debug message: id=1281, source=API, type=ERROR, severity=HIGH, message='GL error GL_INVALID_VALUE'
[29Jun2026 16:12:46.436] [Render thread/INFO] [com.mojang.blaze3d.opengl.GlDebug/]: OpenGL debug message: id=1281, source=API, type=ERROR, severity=HIGH, message='GL error GL_INVALID_VALUE'
[29Jun2026 16:12:46.436] [Render thread/INFO] [com.mojang.blaze3d.opengl.GlDebug/]: OpenGL debug message: id=1281, source=API, type=ERROR, severity=HIGH, message='GL error GL_INVALID_VALUE'
[29Jun2026 16:12:46.437] [Render thread/INFO] [com.mojang.blaze3d.opengl.GlDebug/]: OpenGL debug message: id=1281, source=API, type=ERROR, severity=HIGH, message='GL error GL_INVALID_VALUE'
[29Jun2026 16:12:46.437] [Render thread/INFO] [com.mojang.blaze3d.opengl.GlDebug/]: OpenGL debug message: id=1281, source=API, type=ERROR, severity=HIGH, message='GL error GL_INVALID_VALUE'
[29Jun2026 16:12:46.437] [Render thread/INFO] [com.mojang.blaze3d.opengl.GlDebug/]: OpenGL debug message: id=1281, source=API, type=ERROR, severity=HIGH, message='GL error GL_INVALID_VALUE'
[29Jun2026 16:12:46.437] [Render thread/INFO] [com.mojang.blaze3d.opengl.GlDebug/]: OpenGL debug message: id=1281, source=API, type=ERROR, severity=HIGH, message='GL error GL_INVALID_VALUE'
[29Jun2026 16:12:46.437] [Render thread/INFO] [com.mojang.blaze3d.opengl.GlDebug/]: OpenGL debug message: id=1281, source=API, type=ERROR, severity=HIGH, message='GL error GL_INVALID_VALUE'
[29Jun2026 16:12:46.438] [Render thread/INFO] [com.mojang.blaze3d.opengl.GlDebug/]: OpenGL debug message: id=1281, source=API, type=ERROR, severity=HIGH, message='GL error GL_INVALID_VALUE'
[29Jun2026 16:12:46.438] [Render thread/INFO] [com.mojang.blaze3d.opengl.GlDebug/]: OpenGL debug message: id=1281, source=API, type=ERROR, severity=HIGH, message='GL error GL_INVALID_VALUE'
[29Jun2026 16:12:46.438] [Render thread/INFO] [com.mojang.blaze3d.opengl.GlDebug/]: OpenGL debug message: id=1281, source=API, type=ERROR, severity=HIGH, message='GL error GL_INVALID_VALUE'
[29Jun2026 16:12:46.438] [Render thread/INFO] [com.mojang.blaze3d.opengl.GlDebug/]: OpenGL debug message: id=1281, source=API, type=ERROR, severity=HIGH, message='GL error GL_INVALID_VALUE'
[29Jun2026 16:12:46.438] [Render thread/INFO] [com.mojang.blaze3d.opengl.GlDebug/]: OpenGL debug message: id=1281, source=API, type=ERROR, severity=HIGH, message='GL error GL_INVALID_VALUE'
[29Jun2026 16:12:46.438] [Render thread/INFO] [com.mojang.blaze3d.opengl.GlDebug/]: OpenGL debug message: id=1281, source=API, type=ERROR, severity=HIGH, message='GL error GL_INVALID_VALUE'
[29Jun2026 16:12:46.439] [Render thread/INFO] [com.mojang.blaze3d.opengl.GlDebug/]: OpenGL debug message: id=1281, source=API, type=ERROR, severity=HIGH, message='GL error GL_INVALID_VALUE'
[29Jun2026 16:12:46.439] [Render thread/INFO] [com.mojang.blaze3d.opengl.GlDebug/]: OpenGL debug message: id=1281, source=API, type=ERROR, severity=HIGH, message='GL error GL_INVALID_VALUE'
[29Jun2026 16:12:46.439] [Render thread/INFO] [com.mojang.blaze3d.opengl.GlDebug/]: OpenGL debug message: id=1281, source=API, type=ERROR, severity=HIGH, message='GL error GL_INVALID_VALUE'
[29Jun2026 16:12:46.439] [Render thread/INFO] [com.mojang.blaze3d.opengl.GlDebug/]: OpenGL debug message: id=1281, source=API, type=ERROR, severity=HIGH, message='GL error GL_INVALID_VALUE'
[29Jun2026 16:12:46.439] [Render thread/INFO] [com.mojang.blaze3d.opengl.GlDebug/]: OpenGL debug message: id=1281, source=API, type=ERROR, severity=HIGH, message='GL error GL_INVALID_VALUE'
[29Jun2026 16:12:46.439] [Render thread/INFO] [com.mojang.blaze3d.opengl.GlDebug/]: OpenGL debug message: id=1281, source=API, type=ERROR, severity=HIGH, message='GL error GL_INVALID_VALUE'
[29Jun2026 16:12:46.440] [Render thread/INFO] [com.mojang.blaze3d.opengl.GlDebug/]: OpenGL debug message: id=1281, source=API, type=ERROR, severity=HIGH, message='GL error GL_INVALID_VALUE'
[29Jun2026 16:12:46.440] [Render thread/INFO] [com.mojang.blaze3d.opengl.GlDebug/]: OpenGL debug message: id=1281, source=API, type=ERROR, severity=HIGH, message='GL error GL_INVALID_VALUE'
[29Jun2026 16:12:46.440] [Render thread/INFO] [com.mojang.blaze3d.opengl.GlDebug/]: OpenGL debug message: id=1281, source=API, type=ERROR, severity=HIGH, message='GL error GL_INVALID_VALUE'
[29Jun2026 16:12:46.440] [Render thread/INFO] [com.mojang.blaze3d.opengl.GlDebug/]: OpenGL debug message: id=1281, source=API, type=ERROR, severity=HIGH, message='GL error GL_INVALID_VALUE'
[29Jun2026 16:12:46.440] [Render thread/INFO] [com.mojang.blaze3d.opengl.GlDebug/]: OpenGL debug message: id=1281, source=API, type=ERROR, severity=HIGH, message='GL error GL_INVALID_VALUE'
[29Jun2026 16:12:46.441] [Render thread/INFO] [com.mojang.blaze3d.opengl.GlDebug/]: OpenGL debug message: id=1281, source=API, type=ERROR, severity=HIGH, message='GL error GL_INVALID_VALUE'
[29Jun2026 16:12:46.441] [Render thread/INFO] [com.mojang.blaze3d.opengl.GlDebug/]: OpenGL debug message: id=1281, source=API, type=ERROR, severity=HIGH, message='GL error GL_INVALID_VALUE'
[29Jun2026 16:12:46.441] [Render thread/INFO] [com.mojang.blaze3d.opengl.GlDebug/]: OpenGL debug message: id=1281, source=API, type=ERROR, severity=HIGH, message='GL error GL_INVALID_VALUE'
[29Jun2026 16:12:46.442] [Render thread/INFO] [com.mojang.blaze3d.opengl.GlDebug/]: OpenGL debug message: id=1281, source=API, type=ERROR, severity=HIGH, message='GL error GL_INVALID_VALUE'
[29Jun2026 16:12:46.442] [Render thread/INFO] [com.mojang.blaze3d.opengl.GlDebug/]: OpenGL debug message: id=1281, source=API, type=ERROR, severity=HIGH, message='GL error GL_INVALID_VALUE'
[29Jun2026 16:12:46.442] [Render thread/INFO] [com.mojang.blaze3d.opengl.GlDebug/]: OpenGL debug message: id=1281, source=API, type=ERROR, severity=HIGH, message='GL error GL_INVALID_VALUE'
[29Jun2026 16:12:46.442] [Render thread/INFO] [com.mojang.blaze3d.opengl.GlDebug/]: OpenGL debug message: id=1281, source=API, type=ERROR, severity=HIGH, message='GL error GL_INVALID_VALUE'
[29Jun2026 16:12:46.443] [Render thread/INFO] [com.mojang.blaze3d.opengl.GlDebug/]: OpenGL debug message: id=1281, source=API, type=ERROR, severity=HIGH, message='GL error GL_INVALID_VALUE'
[29Jun2026 16:12:46.443] [Render thread/INFO] [com.mojang.blaze3d.opengl.GlDebug/]: OpenGL debug message: id=1281, source=API, type=ERROR, severity=HIGH, message='GL error GL_INVALID_VALUE'
[29Jun2026 16:12:46.443] [Render thread/INFO] [com.mojang.blaze3d.opengl.GlDebug/]: OpenGL debug message: id=1281, source=API, type=ERROR, severity=HIGH, message='GL error GL_INVALID_VALUE'
[29Jun2026 16:12:46.443] [Render thread/INFO] [com.mojang.blaze3d.opengl.GlDebug/]: OpenGL debug message: id=1281, source=API, type=ERROR, severity=HIGH, message='GL error GL_INVALID_VALUE'
[29Jun2026 16:12:46.443] [Render thread/INFO] [com.mojang.blaze3d.opengl.GlDebug/]: OpenGL debug message: id=1281, source=API, type=ERROR, severity=HIGH, message='GL error GL_INVALID_VALUE'
[29Jun2026 16:12:46.444] [Render thread/INFO] [com.mojang.blaze3d.opengl.GlDebug/]: OpenGL debug message: id=1281, source=API, type=ERROR, severity=HIGH, message='GL error GL_INVALID_VALUE'
[29Jun2026 16:12:46.445] [Render thread/INFO] [com.mojang.blaze3d.opengl.GlDebug/]: OpenGL debug message: id=1281, source=API, type=ERROR, severity=HIGH, message='GL error GL_INVALID_VALUE'
[29Jun2026 16:12:46.445] [Render thread/INFO] [com.mojang.blaze3d.opengl.GlDebug/]: OpenGL debug message: id=1281, source=API, type=ERROR, severity=HIGH, message='GL error GL_INVALID_VALUE'
[29Jun2026 16:12:46.445] [Render thread/INFO] [com.mojang.blaze3d.opengl.GlDebug/]: OpenGL debug message: id=1281, source=API, type=ERROR, severity=HIGH, message='GL error GL_INVALID_VALUE'
[29Jun2026 16:12:46.445] [Render thread/INFO] [com.mojang.blaze3d.opengl.GlDebug/]: OpenGL debug message: id=1281, source=API, type=ERROR, severity=HIGH, message='GL error GL_INVALID_VALUE'
[29Jun2026 16:12:46.446] [Render thread/INFO] [com.mojang.blaze3d.opengl.GlDebug/]: OpenGL debug message: id=1281, source=API, type=ERROR, severity=HIGH, message='GL error GL_INVALID_VALUE'
[29Jun2026 16:12:46.446] [Render thread/INFO] [com.mojang.blaze3d.opengl.GlDebug/]: OpenGL debug message: id=1281, source=API, type=ERROR, severity=HIGH, message='GL error GL_INVALID_VALUE'
[29Jun2026 16:12:46.446] [Render thread/INFO] [com.mojang.blaze3d.opengl.GlDebug/]: OpenGL debug message: id=1281, source=API, type=ERROR, severity=HIGH, message='GL error GL_INVALID_VALUE'
[29Jun2026 16:12:46.446] [Render thread/INFO] [com.mojang.blaze3d.opengl.GlDebug/]: OpenGL debug message: id=1281, source=API, type=ERROR, severity=HIGH, message='GL error GL_INVALID_VALUE'
[29Jun2026 16:12:46.446] [Render thread/INFO] [com.mojang.blaze3d.opengl.GlDebug/]: OpenGL debug message: id=1281, source=API, type=ERROR, severity=HIGH, message='GL error GL_INVALID_VALUE'
[29Jun2026 16:12:46.446] [Render thread/INFO] [com.mojang.blaze3d.opengl.GlDebug/]: OpenGL debug message: id=1281, source=API, type=ERROR, severity=HIGH, message='GL error GL_INVALID_VALUE'
[29Jun2026 16:12:46.447] [Render thread/INFO] [com.mojang.blaze3d.opengl.GlDebug/]: OpenGL debug message: id=1281, source=API, type=ERROR, severity=HIGH, message='GL error GL_INVALID_VALUE'
[29Jun2026 16:12:46.447] [Render thread/INFO] [com.mojang.blaze3d.opengl.GlDebug/]: OpenGL debug message: id=1281, source=API, type=ERROR, severity=HIGH, message='GL error GL_INVALID_VALUE'
[29Jun2026 16:12:46.447] [Render thread/INFO] [com.mojang.blaze3d.opengl.GlDebug/]: OpenGL debug message: id=1281, source=API, type=ERROR, severity=HIGH, message='GL error GL_INVALID_VALUE'
[29Jun2026 16:12:46.447] [Render thread/INFO] [com.mojang.blaze3d.opengl.GlDebug/]: OpenGL debug message: id=1281, source=API, type=ERROR, severity=HIGH, message='GL error GL_INVALID_VALUE'
[29Jun2026 16:12:46.447] [Render thread/INFO] [com.mojang.blaze3d.opengl.GlDebug/]: OpenGL debug message: id=1281, source=API, type=ERROR, severity=HIGH, message='GL error GL_INVALID_VALUE'
[29Jun2026 16:12:46.447] [Render thread/INFO] [com.mojang.blaze3d.opengl.GlDebug/]: OpenGL debug message: id=1281, source=API, type=ERROR, severity=HIGH, message='GL error GL_INVALID_VALUE'
[29Jun2026 16:12:46.448] [Render thread/INFO] [com.mojang.blaze3d.opengl.GlDebug/]: OpenGL debug message: id=1281, source=API, type=ERROR, severity=HIGH, message='GL error GL_INVALID_VALUE'
[29Jun2026 16:12:46.448] [Render thread/INFO] [com.mojang.blaze3d.opengl.GlDebug/]: OpenGL debug message: id=1281, source=API, type=ERROR, severity=HIGH, message='GL error GL_INVALID_VALUE'
[29Jun2026 16:12:46.448] [Render thread/INFO] [com.mojang.blaze3d.opengl.GlDebug/]: OpenGL debug message: id=1281, source=API, type=ERROR, severity=HIGH, message='GL error GL_INVALID_VALUE'
[29Jun2026 16:12:46.448] [Render thread/INFO] [com.mojang.blaze3d.opengl.GlDebug/]: OpenGL debug message: id=1281, source=API, type=ERROR, severity=HIGH, message='GL error GL_INVALID_VALUE'
[29Jun2026 16:12:46.448] [Render thread/INFO] [com.mojang.blaze3d.opengl.GlDebug/]: OpenGL debug message: id=1281, source=API, type=ERROR, severity=HIGH, message='GL error GL_INVALID_VALUE'
[29Jun2026 16:12:46.448] [Render thread/INFO] [com.mojang.blaze3d.opengl.GlDebug/]: OpenGL debug message: id=1281, source=API, type=ERROR, severity=HIGH, message='GL error GL_INVALID_VALUE'
[29Jun2026 16:12:46.449] [Render thread/INFO] [com.mojang.blaze3d.opengl.GlDebug/]: OpenGL debug message: id=1281, source=API, type=ERROR, severity=HIGH, message='GL error GL_INVALID_VALUE'
[29Jun2026 16:12:46.449] [Render thread/INFO] [com.mojang.blaze3d.opengl.GlDebug/]: OpenGL debug message: id=1281, source=API, type=ERROR, severity=HIGH, message='GL error GL_INVALID_VALUE'
[29Jun2026 16:12:46.449] [Render thread/INFO] [com.mojang.blaze3d.opengl.GlDebug/]: OpenGL debug message: id=1281, source=API, type=ERROR, severity=HIGH, message='GL error GL_INVALID_VALUE'
[29Jun2026 16:12:46.449] [Render thread/INFO] [com.mojang.blaze3d.opengl.GlDebug/]: OpenGL debug message: id=1281, source=API, type=ERROR, severity=HIGH, message='GL error GL_INVALID_VALUE'
[29Jun2026 16:12:46.449] [Render thread/INFO] [com.mojang.blaze3d.opengl.GlDebug/]: OpenGL debug message: id=1281, source=API, type=ERROR, severity=HIGH, message='GL error GL_INVALID_VALUE'
[29Jun2026 16:12:46.450] [Render thread/INFO] [com.mojang.blaze3d.opengl.GlDebug/]: OpenGL debug message: id=1281, source=API, type=ERROR, severity=HIGH, message='GL error GL_INVALID_VALUE'
[29Jun2026 16:12:46.450] [Render thread/INFO] [com.mojang.blaze3d.opengl.GlDebug/]: OpenGL debug message: id=1281, source=API, type=ERROR, severity=HIGH, message='GL error GL_INVALID_VALUE'
[29Jun2026 16:12:46.450] [Render thread/INFO] [com.mojang.blaze3d.opengl.GlDebug/]: OpenGL debug message: id=1281, source=API, type=ERROR, severity=HIGH, message='GL error GL_INVALID_VALUE'
[29Jun2026 16:12:46.455] [Render thread/INFO] [com.mojang.blaze3d.opengl.GlDebug/]: OpenGL debug message: id=1281, source=API, type=ERROR, severity=HIGH, message='GL error GL_INVALID_VALUE'
[29Jun2026 16:12:46.455] [Render thread/INFO] [com.mojang.blaze3d.opengl.GlDebug/]: OpenGL debug message: id=1281, source=API, type=ERROR, severity=HIGH, message='GL error GL_INVALID_VALUE'
[29Jun2026 16:12:46.455] [Render thread/INFO] [com.mojang.blaze3d.opengl.GlDebug/]: OpenGL debug message: id=1281, source=API, type=ERROR, severity=HIGH, message='GL error GL_INVALID_VALUE'
[29Jun2026 16:12:46.455] [Render thread/INFO] [com.mojang.blaze3d.opengl.GlDebug/]: OpenGL debug message: id=1281, source=API, type=ERROR, severity=HIGH, message='GL error GL_INVALID_VALUE'
[29Jun2026 16:12:46.455] [Render thread/INFO] [com.mojang.blaze3d.opengl.GlDebug/]: OpenGL debug message: id=1281, source=API, type=ERROR, severity=HIGH, message='GL error GL_INVALID_VALUE'
[29Jun2026 16:12:46.456] [Render thread/INFO] [com.mojang.blaze3d.opengl.GlDebug/]: OpenGL debug message: id=1281, source=API, type=ERROR, severity=HIGH, message='GL error GL_INVALID_VALUE'
[29Jun2026 16:12:46.456] [Render thread/INFO] [com.mojang.blaze3d.opengl.GlDebug/]: OpenGL debug message: id=1281, source=API, type=ERROR, severity=HIGH, message='GL error GL_INVALID_VALUE'
